// Jest Snapshot v1, https://goo.gl/fbAQLP

exports[`CheeseCard should match the snapShot 1`] = `
ShallowWrapper {
  "length": 1,
  Symbol(enzyme.__root__): [Circular],
  Symbol(enzyme.__unrendered__): <Unknown />,
  Symbol(enzyme.__renderer__): Object {
    "batchedUpdates": [Function],
    "getNode": [Function],
    "render": [Function],
    "simulateEvent": [Function],
    "unmount": [Function],
  },
  Symbol(enzyme.__node__): Object {
    "instance": null,
    "key": undefined,
    "nodeType": "host",
    "props": Object {
      "children": Array [
        <img
          className="cheese-image"
          src="https://public.opendatasoft.com/explore/dataset/frenchcheese/files/undefined/300/"
/>,
        <section
          className="cheese-info"
>
          <h2 />
          <button
                    className="fave-button"
                    onClick={[Function]}
          >
                    favorite
          </button>
          <Link
                    className="details-link"
                    onClick={[Function]}
                    replace={false}
                    to="/undefined"
          >
                    See more info
          </Link>
</section>,
      ],
      "className": "CheeseCard",
    },
    "ref": null,
    "rendered": Array [
      Object {
        "instance": null,
        "key": undefined,
        "nodeType": "host",
        "props": Object {
          "className": "cheese-image",
          "src": "https://public.opendatasoft.com/explore/dataset/frenchcheese/files/undefined/300/",
        },
        "ref": null,
        "rendered": null,
        "type": "img",
      },
      Object {
        "instance": null,
        "key": undefined,
        "nodeType": "host",
        "props": Object {
          "children": Array [
            <h2 />,
            <button
              className="fave-button"
              onClick={[Function]}
>
              favorite
</button>,
            <Link
              className="details-link"
              onClick={[Function]}
              replace={false}
              to="/undefined"
>
              See more info
</Link>,
          ],
          "className": "cheese-info",
        },
        "ref": null,
        "rendered": Array [
          Object {
            "instance": null,
            "key": undefined,
            "nodeType": "host",
            "props": Object {
              "children": undefined,
            },
            "ref": null,
            "rendered": null,
            "type": "h2",
          },
          Object {
            "instance": null,
            "key": undefined,
            "nodeType": "host",
            "props": Object {
              "children": "favorite",
              "className": "fave-button",
              "onClick": [Function],
            },
            "ref": null,
            "rendered": "favorite",
            "type": "button",
          },
          Object {
            "instance": null,
            "key": undefined,
            "nodeType": "class",
            "props": Object {
              "children": "See more info",
              "className": "details-link",
              "onClick": [Function],
              "replace": false,
              "to": "/undefined",
            },
            "ref": null,
            "rendered": "See more info",
            "type": [Function],
          },
        ],
        "type": "section",
      },
    ],
    "type": "article",
  },
  Symbol(enzyme.__nodes__): Array [
    Object {
      "instance": null,
      "key": undefined,
      "nodeType": "host",
      "props": Object {
        "children": Array [
          <img
            className="cheese-image"
            src="https://public.opendatasoft.com/explore/dataset/frenchcheese/files/undefined/300/"
/>,
          <section
            className="cheese-info"
>
            <h2 />
            <button
                        className="fave-button"
                        onClick={[Function]}
            >
                        favorite
            </button>
            <Link
                        className="details-link"
                        onClick={[Function]}
                        replace={false}
                        to="/undefined"
            >
                        See more info
            </Link>
</section>,
        ],
        "className": "CheeseCard",
      },
      "ref": null,
      "rendered": Array [
        Object {
          "instance": null,
          "key": undefined,
          "nodeType": "host",
          "props": Object {
            "className": "cheese-image",
            "src": "https://public.opendatasoft.com/explore/dataset/frenchcheese/files/undefined/300/",
          },
          "ref": null,
          "rendered": null,
          "type": "img",
        },
        Object {
          "instance": null,
          "key": undefined,
          "nodeType": "host",
          "props": Object {
            "children": Array [
              <h2 />,
              <button
                className="fave-button"
                onClick={[Function]}
>
                favorite
</button>,
              <Link
                className="details-link"
                onClick={[Function]}
                replace={false}
                to="/undefined"
>
                See more info
</Link>,
            ],
            "className": "cheese-info",
          },
          "ref": null,
          "rendered": Array [
            Object {
              "instance": null,
              "key": undefined,
              "nodeType": "host",
              "props": Object {
                "children": undefined,
              },
              "ref": null,
              "rendered": null,
              "type": "h2",
            },
            Object {
              "instance": null,
              "key": undefined,
              "nodeType": "host",
              "props": Object {
                "children": "favorite",
                "className": "fave-button",
                "onClick": [Function],
              },
              "ref": null,
              "rendered": "favorite",
              "type": "button",
            },
            Object {
              "instance": null,
              "key": undefined,
              "nodeType": "class",
              "props": Object {
                "children": "See more info",
                "className": "details-link",
                "onClick": [Function],
                "replace": false,
                "to": "/undefined",
              },
              "ref": null,
              "rendered": "See more info",
              "type": [Function],
            },
          ],
          "type": "section",
        },
      ],
      "type": "article",
    },
  ],
  Symbol(enzyme.__options__): Object {
    "adapter": ReactSixteenAdapter {
      "options": Object {
        "enableComponentDidUpdateOnSetState": true,
      },
    },
  },
}
`;
