// Jest Snapshot v1, https://goo.gl/fbAQLP

exports[`Header should match the snapShot 1`] = `
ShallowWrapper {
  "length": 1,
  Symbol(enzyme.__root__): [Circular],
  Symbol(enzyme.__unrendered__): <Unknown />,
  Symbol(enzyme.__renderer__): Object {
    "batchedUpdates": [Function],
    "getNode": [Function],
    "render": [Function],
    "simulateEvent": [Function],
    "unmount": [Function],
  },
  Symbol(enzyme.__node__): Object {
    "instance": null,
    "key": undefined,
    "nodeType": "host",
    "props": Object {
      "children": Array [
        <div
          className="header-link"
>
          <NavLink
                    activeClassName="active"
                    aria-current="page"
                    className="logo"
                    to="/"
          >
                    Cheese-Louise
          </NavLink>
</div>,
        <div
          className="faves"
>
          <NavLink
                    activeClassName="active"
                    aria-current="page"
                    className="favorites-link"
                    to="/favorites"
          >
                    Favorites
          </NavLink>
</div>,
      ],
      "className": "header",
    },
    "ref": null,
    "rendered": Array [
      Object {
        "instance": null,
        "key": undefined,
        "nodeType": "host",
        "props": Object {
          "children": <NavLink
            activeClassName="active"
            aria-current="page"
            className="logo"
            to="/"
>
            Cheese-Louise
</NavLink>,
          "className": "header-link",
        },
        "ref": null,
        "rendered": Object {
          "instance": null,
          "key": undefined,
          "nodeType": "function",
          "props": Object {
            "activeClassName": "active",
            "aria-current": "page",
            "children": "Cheese-Louise",
            "className": "logo",
            "to": "/",
          },
          "ref": null,
          "rendered": "Cheese-Louise",
          "type": [Function],
        },
        "type": "div",
      },
      Object {
        "instance": null,
        "key": undefined,
        "nodeType": "host",
        "props": Object {
          "children": <NavLink
            activeClassName="active"
            aria-current="page"
            className="favorites-link"
            to="/favorites"
>
            Favorites
</NavLink>,
          "className": "faves",
        },
        "ref": null,
        "rendered": Object {
          "instance": null,
          "key": undefined,
          "nodeType": "function",
          "props": Object {
            "activeClassName": "active",
            "aria-current": "page",
            "children": "Favorites",
            "className": "favorites-link",
            "to": "/favorites",
          },
          "ref": null,
          "rendered": "Favorites",
          "type": [Function],
        },
        "type": "div",
      },
    ],
    "type": "div",
  },
  Symbol(enzyme.__nodes__): Array [
    Object {
      "instance": null,
      "key": undefined,
      "nodeType": "host",
      "props": Object {
        "children": Array [
          <div
            className="header-link"
>
            <NavLink
                        activeClassName="active"
                        aria-current="page"
                        className="logo"
                        to="/"
            >
                        Cheese-Louise
            </NavLink>
</div>,
          <div
            className="faves"
>
            <NavLink
                        activeClassName="active"
                        aria-current="page"
                        className="favorites-link"
                        to="/favorites"
            >
                        Favorites
            </NavLink>
</div>,
        ],
        "className": "header",
      },
      "ref": null,
      "rendered": Array [
        Object {
          "instance": null,
          "key": undefined,
          "nodeType": "host",
          "props": Object {
            "children": <NavLink
              activeClassName="active"
              aria-current="page"
              className="logo"
              to="/"
>
              Cheese-Louise
</NavLink>,
            "className": "header-link",
          },
          "ref": null,
          "rendered": Object {
            "instance": null,
            "key": undefined,
            "nodeType": "function",
            "props": Object {
              "activeClassName": "active",
              "aria-current": "page",
              "children": "Cheese-Louise",
              "className": "logo",
              "to": "/",
            },
            "ref": null,
            "rendered": "Cheese-Louise",
            "type": [Function],
          },
          "type": "div",
        },
        Object {
          "instance": null,
          "key": undefined,
          "nodeType": "host",
          "props": Object {
            "children": <NavLink
              activeClassName="active"
              aria-current="page"
              className="favorites-link"
              to="/favorites"
>
              Favorites
</NavLink>,
            "className": "faves",
          },
          "ref": null,
          "rendered": Object {
            "instance": null,
            "key": undefined,
            "nodeType": "function",
            "props": Object {
              "activeClassName": "active",
              "aria-current": "page",
              "children": "Favorites",
              "className": "favorites-link",
              "to": "/favorites",
            },
            "ref": null,
            "rendered": "Favorites",
            "type": [Function],
          },
          "type": "div",
        },
      ],
      "type": "div",
    },
  ],
  Symbol(enzyme.__options__): Object {
    "adapter": ReactSixteenAdapter {
      "options": Object {
        "enableComponentDidUpdateOnSetState": true,
      },
    },
  },
}
`;
