// Jest Snapshot v1, https://goo.gl/fbAQLP

exports[`Favorites should match the snapShot 1`] = `
ShallowWrapper {
  "length": 1,
  Symbol(enzyme.__root__): [Circular],
  Symbol(enzyme.__unrendered__): <Unknown
    addFaveCheese={[Function]}
    cheeses={
        Array [
            Object {
              "id": 6,
              "name": "nacho",
            },
            Object {
              "id": 5,
              "name": "swiss",
            },
          ]
    }
    deleteCheese={[Function]}
    favorites={
        Array [
            Object {
              "id": 6,
              "name": "nacho",
            },
          ]
    }
/>,
  Symbol(enzyme.__renderer__): Object {
    "batchedUpdates": [Function],
    "getNode": [Function],
    "render": [Function],
    "simulateEvent": [Function],
    "unmount": [Function],
  },
  Symbol(enzyme.__node__): Array [],
  Symbol(enzyme.__nodes__): Array [
    Array [],
  ],
  Symbol(enzyme.__options__): Object {
    "adapter": ReactSixteenAdapter {
      "options": Object {
        "enableComponentDidUpdateOnSetState": true,
      },
    },
  },
}
`;
